// Jest Snapshot v1, https://goo.gl/fbAQLP

exports[`Loading Matches snapshot 1`] = `ShallowWrapper {}`;
